.next/dev/types/validator.ts(60,39): error TS2306: File 'C:/thegoddysmart/goddysmartlabs/Coding/easevote/web_app/easevote/app/auth/sign-in/page.tsx' is not a module.
.next/dev/types/validator.ts(69,39): error TS2306: File 'C:/thegoddysmart/goddysmartlabs/Coding/easevote/web_app/easevote/app/auth/sign-up/page.tsx' is not a module.
.next/types/validator.ts(60,39): error TS2306: File 'C:/thegoddysmart/goddysmartlabs/Coding/easevote/web_app/easevote/app/auth/sign-in/page.tsx' is not a module.
.next/types/validator.ts(69,39): error TS2306: File 'C:/thegoddysmart/goddysmartlabs/Coding/easevote/web_app/easevote/app/auth/sign-up/page.tsx' is not a module.
components/auth/SignInForm.tsx(4,24): error TS2307: Cannot find module 'next-auth/react' or its corresponding type declarations.
